[    00000] Initializig group subsys cpuset
[    0.000000] Initializing cgroup subsys cpu
[    0.000000] Initializing cgroup subsys cpuacct
[    0.000000] Linux version 4.4.0-137-generic (buildd@lgw01-amd644-037) (gcc version 5.4.0 20160609 (Ubuntu 5.4.0-6ubuntu1~16.04.10) ) #163-Ubuntu SMP Mon Sep 24 13:14:43 UTC 2018 (Ubuntu 4.4.0-137.163-generic 4.4.144)
[    0.000000] Command lin BT_IMAGE=/boot/vmlinuz-4.4.0-137-generic root=UUID=8f2cfec0-a6de-4016-a82e-5bd39f259b55 ro console=tty1 console=ttyS0
[    0.000000] KERNEL supported cpus:
[    0.000000]   Intel GenuineIntel
[    0.000000]   AMD AuthenticAMD
[    0.000000]   Centaur CentaurHauls
[    0.000000] x86/fpu: xstate_offset[2]:  576, xstate_sizes[2]:  256
[    0.000000] x86/fpu: Supporting XSAVE feature 0x01: 'x87 floating point registers'
[    0.000000] x86/fpu: Supporting XSAVE feature 0x02: 'SSE registers'
[    0.000000] x86/fpu: Supporting XSAVE feature 0x04: 'AVX registers'
[    0.000000] x86/fpu: Enabled xstate features 0x7, context size is 832 bytes, using 'standard' format.
[    0.000000] e820: BIOS-provided physical RAM map:
[    0.000000] BIOS-e820: [mem 0x0000000000000000-0x000000000009fbff] usable
[    0.000000] BIOS-e820: [mem 0x000000000009fc00-0x000000000009ffff] reserved
[    0.000000] BIOS-e820: [mem 0x00000000000f0000-0x00000000000fffff] reserved
[    0.000000] BIOS-e820: [mem 0x0000000000100000-0x00000000dffeffff] usable
[    0.000000] BIOS-e820: [mem 0x00000000dfff0000-0x00000000dfffffff] ACPI data
[    0.000000] BIOS-e820: [mem 0x00000000fec00000-0x00000000fec00fff] reserved
[    0.000000] BIOS-e820: [mem 0x00000000fee00000-0x00000000fee00fff] reserved
[    0.000000] BIOS-e820: [mem 0x00000000fffc0000-0x00000000ffffffff] reserved
[    0.000000] BIOS-e820: [mem 0x0000000100000000-0x000000011fffffff] usable
[    0.000000] NX (Execute Disable) protection: active
[    0.000000] SMBIOS 2.5 present.
[    0.000000] Hypervisor detected: KVM
[    0.000000] e820: last_pfn = 0x120000 max_arch_pfn = 0x400000000
[    0.000000] MTRR: Disabled
[    0.000000] x86/PAT: MTRRs disabled, skipping PAT initialization too.
[    0.000000] CPU MTRRs all blank - virtualized system.
[    0.000000] x86/PAT: Configuration [0-7]: WB  WT  UC- UC  WB  WT  UC- UC  
[    0.000000] e820: last_pfn = 0xdfff0 max_arch_pfn = 0x400000000
[    0.000000] found SMP MP-table at [mem 0x0009fff0-0x0009ffff] mapped at [ffff88000009fff0]
[    0.000000] Scanning 1 areas for low memory corruption
[    0.000000] RAMDISK: [mem 0x361ea000-0x370ecfff]
[    0.000000] ACPI: Early table checksum verification disabled
[    0.000000] ACPI: RSDP 0x00000000000E0000 000024 (v02 VBOX  )
[    0.000000] ACPI: XSDT 0x00000000DFFF0030 00003C (v01 VBOX   VBOXXSDT 00000001 ASL  00000061)
[    0.000000] ACPI: FACP 0x00000000DFFF00F0 0000F4 (v04 VBOX   VBOXFACP 00000001 ASL  00000061)
[    0.000000] ACPI: DSDT 0x00000000DFFF0470 0021FF (v02 VBOX   VBOXBIOS 00000002 INTL 20180105)
[    0.000000] ACPI: FACS 0x00000000DFFF0200 000040
[    0.000000] ACPI: FACS 0x00000000DFFF0200 000040
[    0.000000] ACPI: APIC 0x00000000DFFF0240 00005C (v02 VBOX   VBOXAPIC 00000001 ASL  00000061)
[    0.000000] ACPI: SSDT 0x00000000DFFF02A0 0001CC (v01 VBOX   VBOXCPUT 00000002 INTL 20180105)
[    0.000000] No NUMA configuration found
[    0.000000] Faking a node at [mem 0x00000000000000-0x0000011fffffff]
[    0.000000] NODE_DATA(0) allocated [mem 0x11fff7000-0x11fffbfff]
[    0.000000] kvm-clock: Using msrs 4b564d01 and 4b564d00
[    0.000000] kvm-clock: cpu 0, msr 1:1ffef001, primary cpu clock
[    0.000000] kvm-clock: using sched offset of 3692974871 cycles
[    0.000000] clocksource: kvm-clock: mask: 0xffffffffffffffff max_cycles: 0x1cd42e4dffb, max_idle_ns: 881590591483 ns
[    0.000000] Zone ranges:
[    0.000000]   DMA      [mem 0x0000000000001000-0x0000000000ffffff]
[    0.000000]   DMA32    [mem 0x0000000001000000-0x00000000ffffffff]
[    0.000000]   Normal   [em 00000100000000-0x00000011fffffff]
[  000000]   Devce   empty
[   0.00000Moble zoe start for each node
[    0.0000]Early memory node ranges
[    0.000000]   node   0: [mem 0x0000000000001000-0x000000000009efff]
[    0.000000]   node   0: [mem 0x0000000000100000-0x00000000dffeffff]
[    0.000000]   node   0: [mem 0x0000000100000000-0xx000000011fffffff]
[    0.000000] Initmem setup node 0 [mem 0x0000000000001000-0x000000011fffffff]
[    0.000000] ACPI: PM-Timer IO Port: 0x4008
[    0.000000] IOAPIC[0]: apic_id 2, version 32, address 0xfec00000, GSI 0-23
[    0.000000] ACPI: INT_SR_OR (bs bu_irq0 obl_irq 2 flfl)[  0.0000]CPI: INT_SRC_OVR (bus 0 bus_q 9 globalrq lowev)
[    0.000000Usg ACPI (MADT) fo S cnfigatn inrmtin
[   .0000]mpoot: Allowing 2 CPUs, 0 hotplug CPUs
[    0.000000] PM: Registered nosave memory: [mem 0x00000000-0x00000fff]
[    0.000000] PM: Registered nosave memory: [mem 0x0009f000-0x0009ffff]
[    0.000000] PM: Registered nosave memory: [mem 0x000a0000-0x000effff]
[    0.000000] PM: Registered nosave memory: [mem 0x000f0000-0x000fffff]
[    0.000000] PM: Registered nosave memory: [mem 0xdfff0000-0xdfffffff]
[    0.000000] PM: Registered nosave memory: [mem 0xe0000000-0xfebfffff]
[   0.000000] PM: giered nosave memo: em 0xfec00-0xfc0ff
[   0.000000] PM: Registered nosave memory: [mem 0xfec01000-0xfedfffff]
[    0.000000] PM: Registered nosave memory: [mem 0xfee00000-0xfee00fff]
[    0.000000] PM: Registered nosave memory: [mem 0xfee01000-0xfffbffff]
[    0.000000] PM: Registered nosave memory: [mem 0xfffc0000-0xffffffff]
[    0.000000] e820: [mem 0xe0000000-0xfebfffff] ailable for PCI devices
[    0.000000] Booting paravirtualized kernel on KVM
[    0.000000] clocksource: refined-jiffies: mask: 0xffffffff max_cycles: 0xffffffff, max_idle_ns:764596021568 n
[  0.00] setupecpu: N_CS:12 nr_puskbits:52 _cpu_ids2 r_node_ids:1
[    0.000000] PERCPU: Embedded 34 pages/cpu @ffff88011fc00000 s99608 r8192 d31464 u1048576
[    0.000000] PV qspinlock hash table entries: 256 (order: 0, 4096 bytes)
[    0.000000] Built 1 zonelists in Node order, mobility grouping on.  Total pages: 1032056
[    0.000000] Policy zone: Normal
[    0.000000] Kernel command line: BOOT_IMAGE=/boot/vmlinuz-4.4.0-137-generic root=UUID=8f2cfec0-a6de-4016-a82e-5bd9f259b55 ro console=tty1 console=ttyS0
[    0.000000] PID hash table entries: 4096 (order: 3, 32768 bytes)
[    0.000000] Memory: 4027644K/4193848K available (8555K kernel code, 1314K rwdata, 4004K rodata, 1528K init, 1316K bss, 166204K reserved, 0K cma-reserved)
[    0.000000] SLUB: HWalign=64, Order=0-3, MinObjects=0, CPUs=2, Nodes=1
[    0.000000] Kernel/User page tables isolation: enabled
[    0.000000] Hierarchical RCU implementation.
[    0.000000] 	Build-time adjustment of leaf fanout to 64.
[    0.000000] 	RCU restricting CPUs from NR_CPUS=512 to nr_cpu_ids=2.
[    0.000000] RCU: Adjusting geometry for rcu_fanout_leaf=64, nr_cpu_ids=2
[    0.000000] NR_IRQS:33024 nr_irqs:440 16
[    0.000000] Console: colour VGA+ 80x25
[    0.000000] console [tty1] enabled
[    0.000000] console [ttyS0] enabled
[    0.000000] tsc: Detected 2712.000 MHz processor
[    2.871889] Calibrating delay loop (skipped) preset value.. 5424.00 BogoMIPS (lpj=10848000)
[    3.028384] pid_max: default: 32768 minimum: 301
[    3.072516] ACPI: Core revision 20150930
[    3.074119] ACPI: 2 ACPI AML tables successfully acquired and loaded
[    3.075309] Security Framework initialized
[    3.076062] Yama: becoming mindful.
[    3.076746] AppArmor: AppArmor initialized
[    3.078066] Dentry cache hash table entries: 524288 (order: 10, 4194304 bytes)
[    3.206114] Inode-cache hash table entries: 262144 (order: 9, 2097152 bytes)
[    3.359725] Mount-cache hash table entries: 8192 (order: 4, 65536 bytes)
[    3.462754] Mountpoint-cache hash table entries: 8192 (order: 4, 65536 bytes)
[    3.578090] Initializing cgroup subsys io
[    3.637141] Initializing cgroup subsys memory
[    3.721595] Initializing cgroup subsys devices
[    3.843079] Initializing cgroup subsys freezer
[    3.931008] Initializing cgroup subsys net_cls
[    3.938638] Initializing cgroup subsys perf_event
[    3.947131] Initializing cgroup subsys net_prio
[    3.958660] Initializing cgroup subsys hugetlb
[    3.959475] Initializing cgroup subsys pids
[    3.978858] mce: CPU supports 0 MCE banks
[    4.039025] Last level iTLB entries: 4KB 64, 2MB 8, 4MB 8
[    4.078621] Last level dTLB entries: 4KB 64, 2MB 0, 4MB 0, 1GB 4
[    4.079643] Spectre V2 : Mitigation: Full generic retpoline
[    4.080591] Spectre V2 : Spectre v2 mitigation: Speculation control IBPB not-supported IBRS not-supported
[    4.082013] Spectre V2 : Spectre v2 / SpectreRSB mitigation: Filling RSB on context switch
[    4.083736] Speculative Store Bypass: Vulnerable
[    4.086865] Freeing SMP alternatives memory: 32K
[    4.095010] ftrace: allocating 32265 entries in 127 pages
[    4.148149] smpboot: APIC(0) Converting physical 0 to logical package 0
[    4.239293] smpboot: Max logical packages: 1
[    4.257232] x2apic enabled
[    4.258015] Switched APIC routing to physical x2apic.
[    4.259924] ..TIMER: vector=0x30 apic1=0 pin1=2 apic2=-1 pin2=-1
[    4.366644] smpboot: CPU0: Intel(R) Core(TM) i5-7200U CPU @ 2.50GHz (family: 0x6, model: 0x8e, stepping: 0x9)
[    4.537073] Performance Events: unsupported p6 CPU model 142 no PMU driver, software events only.
[    4.596020] KVM setup paravirtual spinlock
[    4.597425] x86: Booting SMP configuration:
[    4.599431] .... node  #0, CPUs:      #1
[    4.600287] kvm-clock: cpu 1, msr 1:1ffef041, secondary cpu clock
[    4.601980] mce: CPU supports 0 MCE banks
[    4.604370] x86: Booted up 1 node, 2 CPUs
[    4.605306] smpboot: Total of 2 processors activated (10848.00 BogoMIPS)
[    4.606792] devtmpfs: initialized
[    4.611752] evm: security.selinux
[    4.639395] evm: security.SMACK64
[    4.665662] evm: security.SMACK64EXEC
[    4.704987] evm: security.SMACK64TRANSMUTE
[    4.774050] evm: security.SMACK64MMAP
[    4.774748] evm: security.ima
[    4.775363] evm: security.capability
[    4.776289] clocksource: jiffies: mask: 0xffffffff max_cycles: 0xffffffff, max_idle_ns: 7645041785100000 ns
[    4.944501] futex hash table entries: 512 (order: 3, 32768 bytes)
[    4.945885] pinctrl core: initialized pinctrl subsystem
[    4.947096] RTC time:  5:12:38, date: 10/15/18
[    4.948269] NET: Registered protocol family 16
[    4.961223] cpuidle: using governor ladder
[    5.000115] cpuidle: using governor menu
[    5.037114] PCCT header not found.
[    5.073944] ACPI: bus type PCI registered
[    5.173063] acpiphp: ACPI Hot Plug PCI Controller Driver version: 0.5
[    5.271916] PCI: Using configuration type 1 for base access
[    5.348324] ACPI: Added _OSI(Module Device)
[    5.407489] ACPI: Added _OSI(Processor Device)
[    5.451250] ACPI: Added _OSI(3.0 _SCP Extensions)
[    5.526129] ACPI: Added _OSI(Processor Aggregator Device)
[    5.597154] ACPI: Executed 1 blocks of module-level executable AML code
[    5.695134] ACPI: Interpreter enabled
[    5.725123] ACPI: (supports S0 S5)
[    5.772258] ACPI: Using IOAPIC for interrupt routing
[    5.859676] PCI: Using host bridge windows from ACPI; if necessary, use "pci=nocrs" and report a bug
[    5.874629] ACPI: PCI Root Bridge [PCI0] (domain 0000 [bus 00-ff])
[    5.903840] acpi PNP0A03:00: _OSC: OS supports [ASPM ClockPM Segments MSI]
[    5.904839] acpi PNP0A03:00: _OSC: not requesting OS control; OS requires [ExtendedConfig ASPM ClockPM MSI]
[    6.027779] acpi PNP0A03:00: fail to add MMCONFIG information, can't access extended PCI configuration space under this bridge.
[    6.138577] PCI host bridge to bus 0000:00
[    6.179775] pci_bus 0000:00: root bus resource [io  0x0000-0x0cf7 window]
[    6.303559] pci_bus 0000:00: root bus resource [io  0x0d00-0xffff window]
[    6.372848] pci_bus 0000:00: root bus resource [mem 0x000a0000-0x000bffff window]
[    6.521371] pci_bus 0000:00: root bus resource [mem 0xe0000000-0xfdffffff window]
[    6.674343] pci_bus 0000:00: root bus resource [bus 00-ff]
[    6.676516] pci 0000:00001.1: legacy IDE quirk: reg 0x10: [io  0x01f0-0x01f7]
[    6.679553] pci 0000:00:01.1: legacy IDE quirk: reg 0x14: [io  0x03f6]
[    6.751898] pci 0000:00:01.1: legacy IDE quirk: reg 0x18: [io  0x0170-0x0177]
[    6.908308] pci 0000:00:01.1: legacy IDE quirk: reg 0x1c: [io  0x0376]
[    7.036821] pci 0000:00:07.0: quirk: [io  0x4000-0x403f] claimed by PIIX4 ACPI
[    7.074921] pci 0000:00:07.0: quirk: [io  0x4100-0x410f] claimed by PIIX4 SMB
[    7.172245] ACPI: PCI Interrupt Link [LNKA] (IRQs 5 9 10 *11)
[    7.206017] ACPI: PCI Interrupt Link [LNKB] (IRQs 5 9 *10 11)
[    7.230943] ACPI: PCI Interrupt Link [LNKC] (IRQs 5 *9 10 11)
[    7.232207] ACPI: PCI Interrupt Link [LNKD] (IRQs 5 9 10 *11)
[    7.234552] ACPI: Enabled 2 GPEs in block 00 to 07
[    7.235683] vgaarb: setting as boot device: PCI:0000:00:02.0
[    7.359853] vgaarb: device added: PCI:0000:00:02.0,decodes=io+mem,owns=io+mem,locks=none
[    7.537759] vgaarb: loaded
[    7.594362] vgaarb: bridge control possible 0000:00:02.0
[    7.717287] SCSI subsystem initialized
[    7.778727] ACPI: bus type USB registered
[    7.890429] usbcore: registered new interface driver usbfs
[    7.898774] usbcore: registered new interface driver hub
[    7.899733] usbcore: registered new device driver usb
[    7.902027] PCI: Using ACPI for IRQ routing
[    8.018967] NetLabel: Initializing
[    8.042076] NetLabel:  domain hash size = 128
[    8.042865] NetLabel:  protocols = UNLABELED CIPSOv4
[    8.043770] NetLabel:  unlabeled traffic allowed by default
[    8.044911] amd_nb: Cannot enumerate AMD northbridges
[    8.045869] clocksource: Switched to clocksource kvm-clock
[    8.053018] AppArmor: AppArmor Filesystem Enabled
[    8.059299] pnp: PnP ACPI init
[   .0052]np PP CP: found 3 devices
[  8763]locksource: acpi_pm: mask: 0xffffff max_cycles: 0xffffff, max_idle_ns: 2085701024 ns
[    8.708868] NET: Registered protocol family 2
[    8.709761] TCP established hash table entries: 32768 (order: 6, 262144 bytes)
[   7110TCbi hh blenie 368orer: 7, 524288 bytes)
[    9.361849] TCP: Hash tabesongud esblhe328 nd3268
   9170]DPas tlentes: 2048 (order: 4 653 bte)[  1.4011] UDP-Lite hash table entries: 2048 (order: 4, 65536 bytes
[ 10356]ETRestedrocofaly
  111620] pci 0000:00:00.0: Limiting direct PCI/PCI transfers
  1.72] i 000:1.0: Activating ISA DM hngorrods[ 12155]npkig initramfs...
[   12.569672] Freeing initrd memory: 15372K
[   12.627428] PCI-DMA: Using software bounce buffering for IO (SWIOTLB)
[   12.628357] software IO TLB [mem 0xdbff0000-0xdfff0000] (64MB) mapped at [ffff8800dbff0000-ffff8800dffeffff]
[   12.629909] platform rtc_cmos: registered platform RTC device (no PNP device found)
[   12.631184] Scanning for low memory corruption every 60 seconds
[   12.632380] audit: initializing netlink subsys (disabled)
[   12.633208] audit: type=2000 audit(1539580363.980:1): initialized
[   12.634350] Initialise system trusted keyring
[   12.635171] HugeTLB registered 2 MB page size, pre-allocated 0 pages
[   12.637278] zbud: loaded
[   12.867478] VFS: Disk quotas dquot_6.6.0
[   12.878663] VFS: Dquot-cache hash table entries: 512 (order 0, 4096 bytes)
[   12.879858] squashfs: version 4.0 (2009/01/31) Phillip Lougher
[   12.899056] fuse init (API version 7.23)
[   12.899836] Key type big_key registered
[   12.900522] Allocating IMA MOK and blacklist keyrings.
[   12.902469] Key type asymmetric registered
[   12.907418] Asymmetric key parser 'x509' registered
[   12.908227] Block layer SCSI generic (bsg) driver version 0.4 loaded (major 249)
[   12.909465] io scheduler noop registered
[   12.910182] io scheduler deadline registered (default)
[   12.910994] io scheduler cfq registered
[   13.087252] pci_hotplug: PCI Hot Plug PCI Core version: 0.5
[   13.151656] pciehp: PCI Express Hot Plug Controller Driver version: 0.4
[   13.152720] ACPI: AC Adapter [AC] (on-line)
[   13.153445] input: Power Button as /devices/LNXSYSTM:00/LNXPWRBN:00/input/input0
[   13.154652] ACPI: Power Button [PWRF]
[   13.158677] input: Sleep Button as /devices/LNXSYSTM:00/LNXSLPBN:00/input/input1
[   13.198124] ACPI: Sleep Button [SLPF]
[   13.22796]] ACPI: Battery Slot [BAT0] (battery present)
[   13.236411] GHES: HEST is not enabled!
[   13.551472] Serial: 8250/16550 driver, 32 ports, IRQ sharing enabled
[ 13.57640 002tt0  I 0f8ir=  bseau= 52) is a 16550A
[   13.625965] tsc: Refined TSC clocksource calibration: 2712.679 MHz
[   13.625968] clocksource: tsc: mask: 0xffffffffffffffff max_cycles: 0x271a07afa59, max_idle_ns: 440795275713 ns
[   14.802795] iinux agpgart interface v0.103
[   14.968568] loop: module loaded
[   15.097817] scsi host0: ata_piix
[   15.197469] scsi host1: ata_piix
[   15.198147] ata1: PATA max UDMA/33 cmd 0x1f0 ctl 0x3f6 bmdma 0xd000 irq 14
[   15.199273] ata2: PATA max UDMA/33 cmd 0x170 ctl 0x376 bmdma 0xd008 irq 15
[   15.200478] libphy: Fixed MDIO Bus: probed
[   15.203518] tun: Universal TUN/TAP device driver, 1.6
[   15.204440] tun: (C) 1999-2004 Max Krasnyansky <maxk@qualcomm.com>
[   15.205592] PPP generic driver version 2.4.2
[   15.207626] ehci_hcd: USB 2.0 'Enhanced' Host Controller (EHCI) Driver
[   15.212821] ehci-pci: EHCI PCI platform driver
[   15.213646] ehci-platform: EHCI generic platform driver
[   15.214587] ohci_hcd: USB 1.1 'Open' Host Controller (OHCI) Driver
[   15.377168] ohci-pci: OHCI PCI platform driver
[   15.720345] ohci-platform: OHCI generic platform driver
[   15.827268] uhci_hcd: USB Universal Host Controller Interface driver
[   15.828259] i8042: PNP: PS/2 Controller [PNP0303:PS2K,PNP0f03:PS2M] at 0x60,0x64 irq 1,12
[   15.829994] serio: i8042 KBD port at 0x60,0x64 irq 1
[   15.907601] serio: i8042 AUX port at 0x60,0x64 irq 12
[   15.908970] mousedev: PS/2 mouse device common for all mice
[   15.928091] rtc_cmos rtc_cmos: rtc core: registered rtc_cmos as rtc0
[   15.932579] rtc_cmos rtc_cmos: alarms up to one day, 114 bytes nvram
[   15.937799] i2c /dev entries driver
[   15.947540] input: AT Translated Set 2 keyboard as /devices/platform/i8042/serio0/input/input2
[   15.95155deceapr:evt:version 1.0.3
[   16.348343] device-mapper: ioctl: 4.34.0-ioctl (2015-10-28) initialised: dm-devel@redhat.com
[   16.418262] ledtrig-cpu: registered to indicate activity on CPUs
[   16.419756] NET: Registered protocol family 10
[   16.567594] NET: Registered protocol family 17
[   16.569940] Key type dns_resolver registered
[   16.570997] registered taskstats version 1
[   16.576667] Loading compiled-in X.509 certificates
[   16.578066] Loaded X.509 cert 'Build time autogenerated kernel key: 20acc96b50ca7641011eace69d32209215a9b56f'
[   16.579827] zswap: loaded using pool lzo/zbud
[   16.586063] Key type trusted registered
[   16.600608] Key type encrypted registered
[   16.612476] AppArmor: AppArmor sha1 policy hashing enabled
[   16.613426] ima: No TPM chip found, activating TPM-bypass!
[   16.614392] ima: Allocated hash algorithm: sha1
[   16.615229] evm: HMAC attrs: 0x1
[   16.616204]   Magic number: 6:846:213
[   16.620069] rtc_cmos rtc_cmos: setting system clock to 2018-10-15 05:12:50 UTC (1539580370)
[   16.621757] BIOS EDD facility v0.16 2004-Jun-25, 0 devices found
[   16.627852] EDD information not available.
[   16.629853] Freeing unused kernel memory: 1528K
[   16.641974] Write protecting the kernel read-only data: 14336k
[   16.648327] Freeing unused kernel memory: 1672K
[   16.652231] Freeing unused kernel memory: 92K
Loading, please wait...
[   16.664755] random: systemd-udevd: uninitialized urandom read (16 bytes read, 3 bits of entropy available)
starting version[   16.665364] random: udevadm: uninitialized urandom read (16 bytes read, 3 bits of entropy available)
 229
[   16.665380] random: udevadm: uninitialized urandom read (16 bytes read, 3 bits of entropy available)
[   16.672091] random: udevadm: uninitialized urandom read (16 bytes read, 3 bits of entropy available)
[   16.672129] random: udevadm: uninitialized urandom read (16 bytes read, 3 bits of entropy available)
[   16.672242] random: udevadm: uninitialized urandom read (16 bytes read, 3 bits of entropy available)
[   16.672283] random: udevadm: uninitialized urandom read (16 bytes read, 3 bits of entropy available)
[   16.672323] random: udevadm: uninitialized urandom read (16 bytes read, 3 bits of entropy available)
[   16.672365] random: udevadm: uninitialized urandom read (16 bytes read, 3 bits of entropy available)
[   16.672403] random: udevadm: uninitialized urandom read (16 bytes read, 3 bits of entropy available)
[   17.072959] e1000: Intel(R) PRO/1000 Network Driver - version 7.3.21-k8-NAPI
[   17.097875] e1000: Copyright (c) 1999-2006 Intel Corporation.
[   17.103883] Fusion MPT base driver 3.04.20
[   17.307085] Copyright (c) 1999-2008 LSI Corporation
[   17.563866] Fusion MPT SPI Host driver 3.04.20
[   17.755102] input: ImExPS/2 Generic Explorer Mouse as /devices/platform/i8042/serio1/input/input4
[   17.943192] AVX2 version of gcm_enc/dec engaged.
[   17.949303] AES CTR mode by8 optimization enabled
[   18.238592] e1000 0000:00:03.0 eth0: (PCI:33MHz:32-bit) 02:48:e1:e3:74:ed
[   18.260275] e1000 0000:00:03.0 eth0: Intel(R) PRO/1000 Network Connection
[   18.262114] mptbase: ioc0: Initiating bringup
[   18.672865] ioc0: LSI53C1030 A0: Capabilities={Initiator}
[   19.441385] scsi host2: ioc0: LSI53C1030 A0, FwRev=00000000h, Ports=1, MaxQ=256, IRQ=20
[   19.718696] scsi 2:0:0:0: Direct-Access     VBOX     HARDDISK         1.0  PQ: 0 ANSI: 5
[   19.934390] scsi target2:0:0: Beginning Domain Validation
[   20.008542] scsi target2:0:0: Domain Validation skipping write tests
[   20.029894] scsi target2:0:0: Ending Domain Validation
[   20.030891] scsi target2:0:0: asynchronous
[   20.032095] scsi 2:0:1:0: Direct-Access     VBOX     HARDDISK         1.0  PQ: 0 ANSI: 5
[   20.048043] scsi target2:0:1: Beginning Domain Validation
[   20.079243] e1000 0000:00:08.0 eth1: (PCI:33MHz:32-bit) 08:00:27:8a:f1:df
[   20.079250] e1000 0000:00:08.0 eth1: Intel(R) PRO/1000 Network Connection
[   20.638916] e1000 0000:00:08.0 enp0s8: renamed from eth1
[   20.641576] scsi target2:0:1: Domain Validation skipping write tests
[   20.667664] scsi target2:0:1: Ending Domain Validation
[   20.668523] scsi target2:0:1: asynchronous
[   20.673711] sd 2:0:0:0: Attached scsi generic sg0 type 0
[   20.674010] sd 2:0:0:0: [sda] 20971520 512-byte logical blocks: (10.7 GB/10.0 GiB)
[   20.674331] e1000 0000:00:03.0 enp0s3: renamed from eth0
[   20.674710] sd 2:0:0:0: [sda] Write Protect is off
[   20.674778] sd 2:0:0:0: [sda] Incomplete mode parameter data
[   20.674779] sd 2:0:0:0: [sda] Assuming drive cache: write through
[   20.680752] sd 2:0:1:0: Attached scsi generic sg1 type 0
[   20.681074] sd 2:0:1:0: [sdb] 20480 512-byte logical blocks: (10.5 MB/10.0 MiB)
[   20.681220] sd 2:0:1:0: [sdb] Write Protect is off
[   20.681294] sd 2:0:1:0: [sdb] Incomplete mode parameter data
[   20.681295] sd 2:0:1:0: [sdb] Assuming drive cache: write through
[   20.694934]  sda: sda1
[   20.788012] sd 2:0:1:0: [sdb] Attached SCSI disk
[   20.794134] sd 2:0:0:0: [sda] Attached SCSI disk
Begin: Loading e[   22.164738] md: linear personality registered for level -1
ssential drivers ... [   22.171631] md: multipath personality registered for level -4
[   22.180271] md: raid0 personality registered for level 0
[   22.246235] md: raid1 personality registered for level 1
[   22.416777] raid6: sse2x1   gen() 11233 MB/s
[   22.826805] raid6: sse2x1   xor()  8628 MB/s
[   22.996796] raid6: sse2x2   gen() 12875 MB/s
[   23.475178] raid6: sse2x2   xor()  9685 MB/s
[   23.896775] raid6: sse2x4   gen() 14661 MB/s
[   24.046766] raid6: sse2x4   xor() 10840 MB/s
[   24.126751] raid6: avx2x1   gen() 23344 MB/s
[   24.206130] raid6: avx2x2   gen() 22964 MB/s
[   24.354021] raid6: avx2x4   gen() 21014 MB/s
[   24.447320] raid6: using algorithm avx2x1 gen() 23344 MB/s
[   24.471762] raid6: using avx2x2 recovery algorithm
[   24.588426] xor: automatically using best checksumming function:
[   24.697941]    avx       : 22816.000 MB/sec
[   24.705245] async_tx: api initialized (async)
[   24.854440] md: raid6 personality registered for level 6
[   25.310760] md: raid5 personality registered for level 5
[   25.387577] md: raid4 personality registered for level 4
[   25.911756] md: raid10 personality registered for level 10
done.
Begin: Running /scripts/init-p[   26.313649] Btrfs loaded
remount ... done.
Begin: Mounting root file system ... Begin: Running /scripts/local-top ... done.
Begin: Running /scripts/local-premount ... Scanning for Btrfs filesystems
done.
Warning: fsck no[   26.396132] EXT4-fs (sda1): INFO: recovery required on readonly filesystem
t present, so skipping root file system
[   26.408227] EXT4-fs (sda1): write access will be enabled during recovery
[   26.823464] EXT4-fs (sda1): orphan cleanup on readonly fs
[   26.872380] EXT4-fs (sda1): 6 orphan inodes deleted
[   26.917139] EXT4-fs (sda1): recovery complete
[   26.918476] EXT4-fs (sda1): mounted filesystem with ordered data mode. Opts: (null)
done.
Begin: Running /scripts/local-bottom ... done.
Begin: Running /scripts/init-bottom ... done.
[   27.286666] random: nonblocking pool is initialized
[   27.826662] systemd[1]: systemd 229 running in system mode. (+PAM +AUDIT +SELINUX +IMA +APPARMOR +SMACK +SYSVINIT +UTMP +LIBCRYPTSETUP +GCRYPT +GNUTLS +ACL +XZ -LZ4 +SECCOMP +BLKID +ELFUTILS +KMOD -IDN)
[   27.853763] systemd[1]: Detected virtualization oracle.
[   28.007438] systemd[1]: Detected architecture x86-64.

Welcome to [1mUbuntu 16.04.5 LTS[0m!

[   28.067308] systemd[1]: Set hostname to <ubuntu-xenial>.
[   29.281280] systemd[1]: Listening on Device-mapper event daemon FIFOs.
[[0;32m  OK  [0m] Listening on Device-mapper event daemon FIFOs.
[   29.438074] systemd[1]: Listening on Syslog Socket.
[[0;32m  OK  [0m] Listening on Syslog Socket.
[   29.553414] systemd[1]: Listening on udev Kernel Socket.
[[0;32m  OK  [0m] Listening on udev Kernel Socket.
[   29.555004] systemd[1]: Listening on /dev/initctl Compatibility Named Pipe.
[[0;32m  OK  [0m] Listening on /dev/initctl Compatibility Named Pipe.
[   29.560458] systemd[1]: Created slice User and Session Slice.
[[0;32m  OK  [0m] Created slice User and Session Slice.
[   29.590355] systemd[1]: Reached target User and Group Name Lookups.
[[0;32m  OK  [0m] Reached target User and Group Name Lookups.
[   29.665246] systemd[1]: Reached target Swap.
[[0;32m  OK  [0m] Reached target Swap.
[   29.789128] systemd[1]: Started Trigger resolvconf update for networkd DNS.
[[0;32m  OK  [0m] Started Trigger resolvconf update for networkd DNS.
[   29.791240] systemd[1]: Listening on LVM2 poll daemon socket.
[[0;32m  OK  [0m] Listening on LVM2 poll daemon socket.
[   29.898200] systemd[1]: Listening on Journal Audit Socket.
[[0;32m  OK  [0m] Listening on Journal Audit Socket.
[   30.178608] systemd[1]: Started Forward Password Requests to Wall Directory Watch.
[[0;32m  OK  [0m] Started Forward Password Requests to Wall Directory Watch.
[   30.238148] systemd[1]: Listening on udev Control Socket.
[[0;32m  OK  [0m] Listening on udev Control Socket.
[   30.836225] systemd[1]: Reached target System Time Synchronized.
[[0;32m  OK  [0m] Reached target System Time Synchronized.
[   31.122603] systemd[1]: Listening on Journal Socket (/dev/log).
[[0;32m  OK  [0m] Listening on Journal Socket (/dev/log).
[   31.173649] systemd[1]: Created slice System Slice.
[[0;32m  OK  [0m] Created slice System Slice.
[   31.175548] systemd[1]: Created slice system-serial\x2dgetty.slice.
[[0;32m  OK  [0m] Created slice system-serial\x2dgetty.slice.
[   31.230348] systemd[1]: Listening on LVM2 metadata daemon socket.
[[0;32m  OK  [0m] Listening on LVM2 metadata daemon socket.
[   31.350048] systemd[1]: Reached target Slices.
[[0;32m  OK  [0m] Reached target Slices.
[   31.414197] systemd[1]: Listening on Journal Socket.
[[0;32m  OK  [0m] Listening on Journal Socket.
[   31.498160] systemd[1]: Starting Create list of required static device nodes for the current kernel...
         Starting Create list of required st... nodes for the current kernel...
[   31.574111] systemd[1]: Starting Uncomplicated firewall...
         Starting Uncomplicated firewall...
[   31.662122] systemd[1]: Starting Load Kernel Modules...
[   31.738727] Loading iSCSI transport class v2.0-870.
         Starting Load Kernel Modules...
[   31.780479] systemd[1]: Mounting Huge Pages File System...
         Mounting Huge Pages File System...
[   31.810215] iscsi: registered transport (tcp)
[   31.862914] systemd[1]: Starting Remount Root and Kernel File Systems...
         Starting Remount Root and Kernel File Systems...
[   31.883893] systemd[1]: Mounting POSIX Message Queue File System...
         Mounting POSIX Message Queue File System...
[   31.970069] systemd[1]: Starting Monitoring of LVM2 mirrors, snapshots etc. using dmeventd or progress polling...
         Starting Monitoring of LVM2 mirrors... dmeventd or progress polling...
[   31.995222] systemd[1]: Starting Set console keymap...
         Starting Set console keymap...
[   32.024002] EXT4-fs (sda1): re-mounted. Opts: (null)
[   32.098220] iscsi: registered transport (iser)
[   32.125989] systemd[1]: Starting Nameserver information manager...
         Starting Nameserver information manager...
[   32.151259] systemd[1]: Mounting Debug File System...
         Mounting Debug File System...
[   32.250749] systemd[1]: Starting Journal Service...
         Starting Journal Service...
[   32.350221] systemd[1]: Set up automount Arbitrary Executable File Formats File System Automount Point.
[[0;32m  OK  [0m] Set up automount Arbitrary Executab...ats File System Automount Point.
[   32.386052] systemd[1]: Reached target Encrypted Volumes.
[[0;32m  OK  [0m] Reached target Encrypted Volumes.
[   32.638873] systemd[1]: Mounted Huge Paees File System.
[[0;32m  OK  [0m] Mounted Huge Pages File System.
[   32.949546] systemd[1]: Mounted POSIX Message Queue File System.
[[0;32m  OK  [0m] Mounted POSIX Message Queue File System.
[   32.951743] systemd[1]: Mounted Debug File System.
[[0;32m  OK  [0m] Mounted Debug File System.
[   33.002675] systemd[1]: Started Journal Service.
[[0;32m  OK  [0m] Started Journal Service.
[[0;32m  OK  [0m] Started Create list of required sta...ce nodes for the current kernel.
[[0;32m  OK  [0m] Started Uncomplicated firewall.
[[0;32m  OK  [0m] Started Load Kernel Modules.
[[0;32m  OK  [0m] Started Remount Root and Kernel File Systems.
[[0;32m  OK  [0m] Started Set console keymap.
[[0;32m  OK  [0m] Started Nameserver information manager.
[[0;32m  OK  [0m] Started LVM2 metadata daemon.
         Starting Load/Save Random Seed...
         Starting udev Coldplug all Devices...
         Starting Apply Kernel Variables...
         Mounting FUSE Control File System...
         Starting Create Static Device Nodes in /dev...
         Starting Flush Journal to Persistent Storage...
[[0;32m  OK  [0m] Mounted FUSE Control File System.
[[0;32m  OK  [0m] Started Monitoring of LVM2 mirrors,...ng dmeventd or progress polling.
[[0;32m  OK  [0m] Started Load/Save Random Seed.
[[0;32m  OK  [0m] Started Apply Kernel Variables.
[[0;32m  OK  [0m] Started Create Static Device Nodes in /dev.
[[0;32m  OK  [0m] Started udev Coldplug all Devices.
         Starting udev Kernel Device Manager...
[[0;32m  OK  [0m] Started Flush Journal to Persistent Storage.
[[0;32m  OK  [0m] Started udev Kernel Device Manager.
[[0;32m  OK  [0m] Started Dispatch Password Requests to Console Directory Watch.
[[0;32m  OK  [0m] Reached target Local File Systems (Pre).
[[0;32m  OK  [0m] Reached target Local File Systems.
         Starting Create Volatile Files and Directories...
         Starting Tell Plymouth To Write Out Runtime Data...
         Starting Set console font and keymap...
         Starting LSB: AppArmor initialization...
         Starting Initial cloud-init job (pre-networking)...
[[0;32m  OK  [0m] Found device /dev/ttyS0.
[[0;32m  OK  [0m] Started Tell Plymouth To Write Out Runtime Data.
[[0;32m  OK  [0m] Started Create Volatile Files and Directories.
[[0;32m  OK  [0m] Listening on Load/Save RF Kill Switch Status /dev/rfkill Watch.
         Starting Update UTMP about System Boot/Shutdown...
[[0;32m  OK  [0m] Found device 82540EM Gigabit Ethern...r (PRO/1000 MT Desktop Adapter).
[[0;32m  OK  [0m] Found device 82540EM Gigabit Ethern...r (PRO/1000 MT Desktop Adapter).
[[0;32m  OK  [0m] Started Set console font and keymap.
[[0;32m  OK  [0m] Created slice system-getty.slice.
[[0;32m  OK  [0m] Started Update UTMP about System Boot/Shutdown.
[[0;32m  OK  [0m] Started LSB: AppArmor initialization.
[   32.455802] cloud-init[517]: Cloud-init v. 18.3-9-g2e62cb8a-0ubuntu1~16.04.2 running 'init-local' at Mon, 15 Oct 2018 05:13:13 +0000. Up 31.73 seconds.
[[0;32m  OK  [0m] Started Initial cloud-init job (pre-networking).
[[0;32m  OK  [0m] Reached target Network (Pre).
         Starting Raise network interfaces...
[[0;32m  OK  [0m] Started ifup for enp0s3.
[[0;32m  OK  [0m] Started ifup for enp0s8.
[[0;32m  OK  [0m] Started Raise network interfaces.
[[0;32m  OK  [0m] Reached target Network.
         Starting Initial cloud-init job (metadata service crawler)...
[   33.997208] cloud-init[1060]: Cloud-init v. 18.3-9-g2e62cb8a-0ubuntu1~16.04.2 running 'init' at Mon, 15 Oct 2018 05:13:14 +0000. Up 33.26 seconds.
[   34.021486] cloud-init[1060]: ci-info: ++++++++++++++++++++++++++++++++++++++Net device info+++++++++++++++++++++++++++++++++++++++
[   34.059751] [cloud-init[0;32m  OK  [0m[1060]: ] ci-info: +--------+------+-----------------------------+---------------+--------+-------------------+Started Initial cloud-init job (metadata service crawler).

[   34.060183] cloud-init[1060]: ci-info: | Device |  Up  |           Address           |      Mask     | Scope  |     Hw-Address    |
[   34.104319] [cloud-init[0;32m  OK  [0m[1060]: ] ci-info: +--------+------+-----------------------------+---------------+--------+-------------------+Reached target System Initialization.

[[0;32m  OK  [0m] Listening on ACPID Listen Socket.
[   34.104906] cloud-init[1060]: ci-info: | enp0s3 | True |          10.0.2.15          | 255.255.255.0 | global | 02:48:e1:e3:74:ed |
[   34.115672] cloud-init[1060]: ci-info: | enp0s3 | True |  fe80::48:e1ff:fee3:74ed/64 |       .       |  link  | 02:48:e1:e3:74:ed |
[   34.118265] cloud-init[1060]: ci-info: | enp0s8 | True |        192.168.33.66        | 255.255.255.0 | global | 08:00:27:8a:f1:df |
[   34.121246] cloud-init[1060]: ci-info: | enp0s8 | True | fe80::a00:27ff:fe8a:f1df/64 |       .       |  link  | 08:00:27:8a:f1:df |
[   34.200489] [cloud-init[0;32m  OK  [0m[1060]: ] ci-info: |   lo   | True |          127.0.0.1          |   255.0.0.0   |  host  |         .         |Started Daily apt download activities.

         Starting Socket activation for snappy daemon.
[[0;32m  OK  [0m] Listening on UUID daemon activation socket.
[   34.202492] cloud-init[1060]: ci-info: |   lo   | True |           ::1/128           |       .       |  host  |         .         |
[   34.446781] [cloud-init[0;32m  OK  [0m[1060]: ] ci-info: +--------+------+-----------------------------+---------------+--------+-------------------+Listening on D-Bus System Message Bus Socket.

[   34.449786] cloud-init[1060]: ci-info: ++++++++++++++++++++++++++++Route IPv4 info++++++++++++++++++++++++++++
[   34.611260] cloud-init[1060]: ci-info: +-------+--------------+----------+---------------+-----------+-------+
[   34.632307] cloud-init[1060]: ci-info: | Route | Destination  | Gateway  |    Genmask    | Interface | Flags |
[   34.696310] cloud-init[1060]: ci-info: +-------+--------------+----------+---------------+-----------+-------+
[   34.728424] cloud-init[1060]: ci-info: |   0   |   0.0.0.0    | 10.0.2.2 |    0.0.0.0    |   enp0s3  |   UG  |
[   34.729774] cloud-init[1060]: ci-info: |   1   |   10.0.2.0   | 0.0.0.0  | 255.255.255.0 |   enp0s3  |   U   |
[   34.753332] cloud-init[1060]: ci-info: |   2   | 192.168.33.0 | 0.0.0.0  | 255.255.255.0 |   enp0s8  |   U   |
[   34.776177] cloud-init[1060]: ci-info: +-------+--------------+----------+---------------+-----------+-------+
[   34.800216] cloud-init[1060]: ci-info: +++++++++++++++++++Route IPv6 info+++++++++++++++++++
[   34.869283] cloud-init[1060]: ci-info: +-------+-------------+---------+-----------+-------+
[   34.877976] cloud-init[1060]: ci-info: | Route | Destination | Gateway | Interface | Flags |
[   34.883682] cloud-init[1060]: ci-info: +-------+-------------+---------+-----------+-------+
[   34.909383] cloud-init[1060]: ci-info: |   0   |  fe80::/64  |    ::   |   enp0s8  |   U   |
[[0;32m  OK  [0m] Started ACPI Events Check.
[[0;32m  OK  [0m] Reached target Paths.
[[0;32m  OK  [0m] Started Daily apt upgrade and clean activities.
[[0;32m  OK  [0m] Started Daily Cleanup of Temporary Directories.
[[0;32m  OK  [0m] Started Clean PHP session files every 30 mins.
[   34.948037] [[0;32m  OK  [0m] Reached target Timers.
cloud-init[1060]: ci-info: |   1   |  fe80::/64  |    ::   |   enp0s3  |   U   |
[   35.063875] cloud-init[1060]: ci-info: |   4   |   ff00::/8  |    ::   |   enp0s8  |   U   |
[   35.073817] cloud-init[1060]: ci-info: |   5   |   ff00::/8  |    ::   |   enp0s3  |   U   |
[   35.088315] cloud-init[1060]: ci-info: +-------+-------------+---------+-----------+-------+
         Starting LXD - unix socket.
[[0;32m  OK  [0m] Reached target Cloud-config availability.
[[0;32m  OK  [0m] Reached target Network is Online.
         Starting iSCSI initiator daemon (iscsid)...
[[0;32m  OK  [0m] Listening on Socket activation for snappy daemon.
[[0;32m  OK  [0m] Listening on LXD - unix socket.
[[0;32m  OK  [0m] Reached target Sockets.
[[0;32m  OK  [0m] Reached target Basic System.
         Starting LSB: MD monitoring daemon...
         Starting A high performance web server and a reverse proxy server...
[[0;32m  OK  [0m] Started D-Bus System Message Bus.
         Starting /etc/rc.local Compatibility...
[[0;32m  OK  [0m] Started Deferred execution scheduler.
         Starting LSB: Record successful boot for GRUB...
         Starting MySQL Community Server...
         Starting LXD - container startup/shutdown...
[[0;32m  OK  [0m] Started FUSE filesystem for LXC.
[[0;32m  OK  [0m] Started Unattended Upgrades Shutdown.
         Starting System Logging Service...
         Starting Clean php session files...
         Starting The PHP 7.2 FastCGI Process Manager...
         Starting Advanced key-value store...
[[0;32m  OK  [0m] Started ACPI event daemon.
[[0;32m  OK  [0m] Started Regular background program processing daemon.
         Starting OpenBSD Secure Shell server...
         Starting Accounts Service...
         Starting Login Service...
         Starting Virtualbox guest utils...
         Starting Snappy daemon...
[[0;32m  OK  [0m] Started iSCSI initiator daemon (iscsid).
[[0;32m  OK  [0m] Started /etc/rc.local Compatibility.
         Starting Login to default iSCSI targets...
[[0;32m  OK  [0m] Started Login Service.
[[0;32m  OK  [0m] Started System Logging Service.
[[0;32m  OK  [0m] Started LSB: MD monitoring daemon.
[[0;32m  OK  [0m] Started LSB: Record successful boot for GRUB.
[[0;32m  OK  [0m] Started Login to default iSCSI targets.
[[0;32m  OK  [0m] Reached target Remote File Systems (Pre).
[[0;32m  OK  [0m] Reached target Remote File Systems.
         Starting LSB: daemon to balance interrupts for SMP systems...
         Starting Permit User Sessions...
         Starting LSB: Set the CPU Frequency Scaling governor to "ondemand"...
         Starting LSB: automatic crash report generation...
         Starting LSB: Apache2 web server...
[[0;32m  OK  [0m] Started LSB: Set the CPU Frequency Scaling governor to "ondemand".
[[0;32m  OK  [0m] Started Advanced key-value store.
[[0;32m  OK  [0m] Started Permit User Sessions.
         Starting Terminate Plymouth Boot Screen...
         Starting Hold until boot process finishes up...
[[0;32m  OK  [0m] Started Terminate Plymouth Boot Screen.
[[0;32m  OK  [0m] Started Hold until boot process finishes up.
[[0;32m  OK  [0m] Started Serial Getty on ttyS0.
         Starting Set console scheme...
[[0;32m  OK  [0m] Started Getty on tty1.
[[0;32m  OK  [0m] Reached target Login Prompts.
[[0;32m  OK  [0m] Started OpenBSD Secure Shell server.
[[0;32m  OK  [0m] Started Set console scheme.
[[0;32m  OK  [0m] Started LSB: daemon to balance interrupts for SMP systems.
[[0;32m  OK  [0m] Started LSB: automatic crash report generation.
[[0;32m  OK  [0m] Started A high performance web server and a reverse proxy server.
         Starting Authenticate and Authorize Users to Run Privileged Tasks...
[[0;32m  OK  [0m] Started Virtualbox guest utils.
[[0;32m  OK  [0m] Created slice User Slice of vagrant.
         Starting User Manager for UID 1000...
[[0;32m  OK  [0m] Started Authenticate and Authorize Users to Run Privileged Tasks.
[[0;32m  OK  [0m] Started Accounts Service.
[[0;32m  OK  [0m] Started Session 1 of user vagrant.
[[0;32m  OK  [0m] Started User Manager for UID 1000.
[[0;32m  OK  [0m] Started LXD - container startup/shutdown.
[[0;32m  OK  [0m] Started LSB: Apache2 web server.
[[0;32m  OK  [0m] Started Snappy daemon.
         Starting Wait until snapd is fully seeded...
[[0;32m  OK  [0m] Started Wait until snapd is fully seeded.
         Starting Apply the settings specified in cloud-config...
[   43.715538] cloud-init[1452]: Cloud-init v. 18.3-9-g2e62cb8a-0ubuntu1~16.04.2 running 'modules:config' at Mon, 15 Oct 2018 05:13:24 +0000. Up 43.21 seconds.

Ubuntu 16.04.5 LTS ubuntu-xenial ttyS0

ubuntu-xenial login: [   48.674438]  loud-init[1675]: Cloud-init v. 18.3-9-g2e62cb8a-0ubuntu1~16.04.2 running 'modules:final' at Mon, 15 Oct 2018 05:13:29 +0000. Up 48.53 seconds.
[   48.675171] cloud-init[1675]: Cloud-init v. 18.3-9-g2e62cb8a-0ubuntu1~16.04.2 finished at Mon, 15 Oct 2018 05:13:30 +0000. Datasource DataSourceNoCloud [seed=/dev/sdb][dsmode=net].  Up 48.66 seconds
